---
item: 123
list: # this is a comment that kills it
- a
- b
- c
